[www.getgiftcards.ltd/index.html]
[backblue.gif]
[fade.gif]
[index.html]
[ajax.googleapis.com/ajax/libs/jquery/3.2.1/jquery.min.js]
[i.imgur.com/wyCTs1C.png]
[www.getgiftcards.ltd/free-google-play-gift-cards.html]
[www.getgiftcards.ltd/i.imgur.com/tw55sy5.png]
[www.getgiftcards.ltd/free-xbox-gift-cards.html]
[www.getgiftcards.ltd/i.imgur.com/IXFhYIG.png]
[www.getgiftcards.ltd/free-steam-gift-cards.html]
[www.getgiftcards.ltd/i.imgur.com/QyqyMTz.png]
[www.getgiftcards.ltd/free-skype-gift-cards.html]
[www.getgiftcards.ltd/i.imgur.com/BCTe1S3.png]
[www.getgiftcards.ltd/free-windows-cards.html]
[www.getgiftcards.ltd/i.imgur.com/m8yDPjf.png]
[www.getgiftcards.ltd/free-ebay-gift-cards.html]
[www.getgiftcards.ltd/i.imgur.com/mhyNY4O.png]
[www.getgiftcards.ltd/free-netflix-gift-cards.html]
[www.getgiftcards.ltd/i.imgur.com/Z5v2Lqu.png]
[www.getgiftcards.ltd/free-microsoft-gift-cards.html]
[www.getgiftcards.ltd/i.imgur.com/99dQJEV.png]
[www.getgiftcards.ltd/free-playstation-gift-cards.html]
[www.getgiftcards.ltd/i.imgur.com/iQgxUoN.png]
[www.getgiftcards.ltd/free-itunes-gift-cards.html]
[www.getgiftcards.ltd/i.imgur.com/6ZHGk6w.png]
[www.getgiftcards.ltd/free-paypal-gift-cards.html]
[www.getgiftcards.ltd/i.imgur.com/P2DZmnk.png]
[www.getgiftcards.ltd/free-amazon-gift-cards.html]
[www.getgiftcards.ltd/i.imgur.com/EHQ8dna.png]
[www.getgiftcards.ltd/free-facebook-gift-cards.html]
[www.getgiftcards.ltd/i.imgur.com/BqxRZpq.png]
[www.getgiftcards.ltd/free-spotify-gift-cards.html]
[www.getgiftcards.ltd/i.imgur.com/VtK35Wk.png]
[www.getgiftcards.ltd/free-roblox-gift-cards.html]
[www.getgiftcards.ltd/i.imgur.com/SDG7485.png]
[www.getgiftcards.ltd/free-g2a-gift-cards.html]
[www.getgiftcards.ltd/i.imgur.com/1Gnu7q4.png]
[www.getgiftcards.ltd/free-mastercard-gift-cards.html]
[www.getgiftcards.ltd/i.imgur.com/FDEwYwS.png]
[www.getgiftcards.ltd/free-paysafecard-gift-cards.html]
[www.getgiftcards.ltd/i.imgur.com/Nw2s7Pc.png]
[www.getgiftcards.ltd/free-nintendo-gift-cards.html]
[www.getgiftcards.ltd/i.imgur.com/XPZPuEJ.png]
[www.getgiftcards.ltd/index.html]
[ogcdn.co/giftcards4fans.com/images/google.png]
[www.getgiftcards.ltd/free-google-play-gift-cards.html]
[ogcdn.co/giftcards4fans.com/images/xbox.png]
[www.getgiftcards.ltd/free-xbox-gift-cards.html]
[ogcdn.co/giftcards4fans.com/images/steam.png]
[www.getgiftcards.ltd/free-steam-gift-cards.html]
[ogcdn.co/giftcards4fans.com/images/skype.png]
[www.getgiftcards.ltd/free-skype-gift-cards.html]
[ogcdn.co/giftcards4fans.com/images/windows.png]
[www.getgiftcards.ltd/free-windows-cards.html]
[ogcdn.co/giftcards4fans.com/images/ebay.png]
[www.getgiftcards.ltd/free-ebay-gift-cards.html]
[ogcdn.co/giftcards4fans.com/images/netflix.png]
[www.getgiftcards.ltd/free-netflix-gift-cards.html]
[ogcdn.co/giftcards4fans.com/images/microsoft.png]
[www.getgiftcards.ltd/free-microsoft-gift-cards.html]
[ogcdn.co/giftcards4fans.com/images/playstation.png]
[www.getgiftcards.ltd/free-playstation-gift-cards.html]
[ogcdn.co/giftcards4fans.com/images/itunes.png]
[www.getgiftcards.ltd/free-itunes-gift-cards.html]
[ogcdn.co/giftcards4fans.com/images/paypal.png]
[www.getgiftcards.ltd/free-paypal-gift-cards.html]
[ogcdn.co/giftcards4fans.com/images/amazon.png]
[www.getgiftcards.ltd/free-amazon-gift-cards.html]
[ogcdn.co/giftcards4fans.com/images/facebook.png]
[www.getgiftcards.ltd/free-facebook-gift-cards.html]
[ogcdn.co/giftcards4fans.com/images/spotify.png]
[www.getgiftcards.ltd/free-spotify-gift-cards.html]
[i.imgur.com/SDG7485.png]
[www.getgiftcards.ltd/free-roblox-gift-cards.html]
[i.imgur.com/1Gnu7q4.png]
[www.getgiftcards.ltd/free-g2a-gift-cards.html]
[i.imgur.com/XPZPuEJ.png]
[www.getgiftcards.ltd/free-mastercard-gift-cards.html]
[i.imgur.com/Nw2s7Pc.png]
[www.getgiftcards.ltd/free-paysafecard-gift-cards.html]
[www.getgiftcards.ltd/free-nintendo-gift-cards.html]
